C51 COMPILER V9.59.0.0   BUZZER                                                            08/11/2020 14:09:03 PAGE 1   


C51 COMPILER V9.59.0.0, COMPILATION OF MODULE BUZZER
OBJECT MODULE PLACED IN buzzer.OBJ
COMPILER INVOKED BY: C:\Keil_v5\C51\BIN\C51.EXE buzzer.c OPTIMIZE(8,SPEED) BROWSE DEBUG OBJECTEXTEND TABS(2)

line level    source

   1          /*---------------------------------------------------------------------*/
   2          /* --- STC MCU Limited ------------------------------------------------*/
   3          /* --- STC 1T Series MCU Demo Programme -------------------------------*/
   4          /* --- Mobile: (86)13922805190 ----------------------------------------*/
   5          /* --- Fax: 86-0513-55012956,55012947,55012969 ------------------------*/
   6          /* --- Tel: 86-0513-55012928,55012929,55012966 ------------------------*/
   7          /* --- Web: www.STCMCU.com --------------------------------------------*/
   8          /* --- Web: www.STCMCUDATA.com  ---------------------------------------*/
   9          /* --- QQ:  800003751 -------------------------------------------------*/
  10          /* 如果要在程序中使用此代码,请在程序中注明使用了STC的资料及程序            */
  11          /*---------------------------------------------------------------------*/
  12          
  13          
  14          /*************  功能说明    **************
  15          
  16          通过P2.7口输出PWM驱动蜂鸣器.
  17          
  18          行列扫描按键每个按键按下后蜂鸣器响一下.
  19          
  20          下载时, 选择时钟 24MHZ (用户可自行修改频率).
  21          
  22          ******************************************/
  23          
  24          #include    "reg51.h"
  25          #include    "intrins.h"
  26          
  27          #define     MAIN_Fosc       24000000L   //定义主时钟
  28          
  29          typedef     unsigned char   u8;
  30          typedef     unsigned int    u16;
  31          typedef     unsigned long   u32;
  32          
  33          sfr TH2  = 0xD6;
  34          sfr TL2  = 0xD7;
  35          sfr IE2   = 0xAF;
  36          sfr INT_CLKO = 0x8F;
  37          sfr AUXR = 0x8E;
  38          sfr P_SW1 = 0xA2;
  39          sfr P_SW2 = 0xBA;
  40          
  41          sfr P4   = 0xC0;
  42          sfr P5   = 0xC8;
  43          sfr P6   = 0xE8;
  44          sfr P7   = 0xF8;
  45          sfr P1M1 = 0x91;    //PxM1.n,PxM0.n     =00--->Standard,    01--->push-pull
  46          sfr P1M0 = 0x92;    //                  =10--->pure input,  11--->open drain
  47          sfr P0M1 = 0x93;
  48          sfr P0M0 = 0x94;
  49          sfr P2M1 = 0x95;
  50          sfr P2M0 = 0x96;
  51          sfr P3M1 = 0xB1;
  52          sfr P3M0 = 0xB2;
  53          sfr P4M1 = 0xB3;
  54          sfr P4M0 = 0xB4;
  55          sfr P5M1 = 0xC9;
C51 COMPILER V9.59.0.0   BUZZER                                                            08/11/2020 14:09:03 PAGE 2   

  56          sfr P5M0 = 0xCA;
  57          sfr P6M1 = 0xCB;
  58          sfr P6M0 = 0xCC;
  59          sfr P7M1 = 0xE1;
  60          sfr P7M0 = 0xE2;
  61          
  62          sbit P00 = P0^0;
  63          sbit P01 = P0^1;
  64          sbit P02 = P0^2;
  65          sbit P03 = P0^3;
  66          sbit P04 = P0^4;
  67          sbit P05 = P0^5;
  68          sbit P06 = P0^6;
  69          sbit P07 = P0^7;
  70          sbit P10 = P1^0;
  71          sbit P11 = P1^1;
  72          sbit P12 = P1^2;
  73          sbit P13 = P1^3;
  74          sbit P14 = P1^4;
  75          sbit P15 = P1^5;
  76          sbit P16 = P1^6;
  77          sbit P17 = P1^7;
  78          sbit P20 = P2^0;
  79          sbit P21 = P2^1;
  80          sbit P22 = P2^2;
  81          sbit P23 = P2^3;
  82          sbit P24 = P2^4;
  83          sbit P25 = P2^5;
  84          sbit P26 = P2^6;
  85          sbit P27 = P2^7;
  86          sbit P30 = P3^0;
  87          sbit P31 = P3^1;
  88          sbit P32 = P3^2;
  89          sbit P33 = P3^3;
  90          sbit P34 = P3^4;
  91          sbit P35 = P3^5;
  92          sbit P36 = P3^6;
  93          sbit P37 = P3^7;
  94          sbit P40 = P4^0;
  95          sbit P41 = P4^1;
  96          sbit P42 = P4^2;
  97          sbit P43 = P4^3;
  98          sbit P44 = P4^4;
  99          sbit P45 = P4^5;
 100          sbit P46 = P4^6;
 101          sbit P47 = P4^7;
 102          sbit P50 = P5^0;
 103          sbit P51 = P5^1;
 104          sbit P52 = P5^2;
 105          sbit P53 = P5^3;
 106          sbit P54 = P5^4;
 107          sbit P55 = P5^5;
 108          sbit P56 = P5^6;
 109          sbit P57 = P5^7;
 110          
 111          /****************************** 用户定义宏 ***********************************/
 112          
 113          #define Timer0_Reload   (65536UL -(MAIN_Fosc / 1000))       //Timer 0 中断频率, 1000次/秒
 114          
 115          #define PWM1_ENO     (*(unsigned char  volatile xdata *)  0xFEB1)
 116          #define PWM1_PS      (*(unsigned char  volatile xdata *)  0xFEB2)
 117          #define PWM2_ENO     (*(unsigned char  volatile xdata *)  0xFEB5)
C51 COMPILER V9.59.0.0   BUZZER                                                            08/11/2020 14:09:03 PAGE 3   

 118          #define PWM2_PS      (*(unsigned char  volatile xdata *)  0xFEB6)                               
 119          
 120          #define PWM1_CR1     (*(unsigned char  volatile xdata *)  0xFEC0)
 121          #define PWM1_CR2     (*(unsigned char  volatile xdata *)  0xFEC1)
 122          #define PWM1_SMCR    (*(unsigned char  volatile xdata *)  0xFEC2) 
 123          #define PWM1_ETR     (*(unsigned char  volatile xdata *)  0xFEC3) 
 124          #define PWM1_IER     (*(unsigned char  volatile xdata *)  0xFEC4) 
 125          #define PWM1_SR1     (*(unsigned char  volatile xdata *)  0xFEC5) 
 126          #define PWM1_SR2     (*(unsigned char  volatile xdata *)  0xFEC6) 
 127          #define PWM1_EGR     (*(unsigned char  volatile xdata *)  0xFEC7) 
 128          #define PWM1_CCMR1   (*(unsigned char  volatile xdata *)  0xFEC8) 
 129          #define PWM1_CCMR2   (*(unsigned char  volatile xdata *)  0xFEC9)
 130          #define PWM1_CCMR3   (*(unsigned char  volatile xdata *)  0xFECA)
 131          #define PWM1_CCMR4   (*(unsigned char  volatile xdata *)  0xFECB)
 132          #define PWM1_CCER1   (*(unsigned char  volatile xdata *)  0xFECC)
 133          #define PWM1_CCER2   (*(unsigned char  volatile xdata *)  0xFECD)
 134          #define PWM1_CNTRH   (*(unsigned char  volatile xdata *)  0xFECE)
 135          #define PWM1_CNTRL   (*(unsigned char  volatile xdata *)  0xFECF)
 136          #define PWM1_PSCRH   (*(unsigned char  volatile xdata *)  0xFED0)
 137          #define PWM1_PSCRL   (*(unsigned char  volatile xdata *)  0xFED1)
 138          #define PWM1_ARRH    (*(unsigned char  volatile xdata *)  0xFED2)
 139          #define PWM1_ARRL    (*(unsigned char  volatile xdata *)  0xFED3)
 140          #define PWM1_RCR     (*(unsigned char  volatile xdata *)  0xFED4)
 141          #define PWM1_CCR1H   (*(unsigned char  volatile xdata *)  0xFED5)
 142          #define PWM1_CCR1L   (*(unsigned char  volatile xdata *)  0xFED6)
 143          #define PWM1_CCR2H   (*(unsigned char  volatile xdata *)  0xFED7)
 144          #define PWM1_CCR2L   (*(unsigned char  volatile xdata *)  0xFED8)
 145          #define PWM1_CCR3H   (*(unsigned char  volatile xdata *)  0xFED9)
 146          #define PWM1_CCR3L   (*(unsigned char  volatile xdata *)  0xFEDA)
 147          #define PWM1_CCR4H   (*(unsigned char  volatile xdata *)  0xFEDB)
 148          #define PWM1_CCR4L   (*(unsigned char  volatile xdata *)  0xFEDC)
 149          #define PWM1_BKR     (*(unsigned char  volatile xdata *)  0xFEDD)
 150          #define PWM1_DTR     (*(unsigned char  volatile xdata *)  0xFEDE)
 151          #define PWM1_OISR    (*(unsigned char  volatile xdata *)  0xFEDF)
 152          
 153          /*****************************************************************************/
 154          
 155          #define PWM1_0      0x00  //P:P1.0  N:P1.1
 156          #define PWM1_1      0x01  //P:P2.0  N:P2.1
 157          #define PWM1_2      0x02  //P:P6.0  N:P6.1
 158          
 159          #define PWM2_0      0x00  //P:P1.2/P5.4  N:P1.3
 160          #define PWM2_1      0x04  //P:P2.2  N:P2.3
 161          #define PWM2_2      0x08  //P:P6.2  N:P6.3
 162          
 163          #define PWM3_0      0x00  //P:P1.4  N:P1.5
 164          #define PWM3_1      0x10  //P:P2.4  N:P2.5
 165          #define PWM3_2      0x20  //P:P6.4  N:P6.5
 166          
 167          #define PWM4_0      0x00  //P:P1.6  N:P1.7
 168          #define PWM4_1      0x40  //P:P2.6  N:P2.7
 169          #define PWM4_2      0x80  //P:P6.6  N:P6.7
 170          #define PWM4_3      0xC0  //P:P3.4  N:P3.3
 171          
 172          #define ENO1P       0x01
 173          #define ENO1N       0x02
 174          #define ENO2P       0x04
 175          #define ENO2N       0x08
 176          #define ENO3P       0x10
 177          #define ENO3N       0x20
 178          #define ENO4P       0x40
 179          #define ENO4N       0x80
C51 COMPILER V9.59.0.0   BUZZER                                                            08/11/2020 14:09:03 PAGE 4   

 180          
 181          /*************  本地变量声明    **************/
 182          bit B_1ms;          //1ms标志
 183          
 184          u8 cnt50ms;
 185          u8  KeyCode;    //给用户使用的键码, 1~16有效
 186          u8 IO_KeyState, IO_KeyState1, IO_KeyHoldCnt;    //行列键盘变量
 187          
 188          void IO_KeyScan(void);   //50ms call
 189          void  delay_ms(u8 ms);
 190          /******************** 主函数 **************************/
 191          void main(void)
 192          {
 193   1          P0M1 = 0;   P0M0 = 0;   //设置为准双向口
 194   1          P1M1 = 0;   P1M0 = 0;   //设置为准双向口
 195   1          P2M1 = 0;   P2M0 = 0;   //设置为准双向口
 196   1          P3M1 = 0;   P3M0 = 0;   //设置为准双向口
 197   1          P4M1 = 0;   P4M0 = 0;   //设置为准双向口
 198   1          P5M1 = 0;   P5M0 = 0;   //设置为准双向口
 199   1          P6M1 = 0;   P6M0 = 0;   //设置为准双向口
 200   1          P7M1 = 0;   P7M0 = 0;   //设置为准双向口
 201   1      
 202   1          //  Timer0初始化
 203   1          AUXR = 0x80;    //Timer0 set as 1T, 16 bits timer auto-reload, 
 204   1          TH0 = (u8)(Timer0_Reload / 256);
 205   1          TL0 = (u8)(Timer0_Reload % 256);
 206   1          ET0 = 1;    //Timer0 interrupt enable
 207   1          TR0 = 1;    //Tiner0 run
 208   1      
 209   1          P_SW2 |= 0x80;
 210   1          
 211   1          PWM1_CCER2 = 0x00;
 212   1          PWM1_CCMR4 = 0x30;
 213   1          PWM1_CCER2 = 0x50;
 214   1      
 215   1          PWM1_ARRH = 0x07; //设置周期时间
 216   1          PWM1_ARRL = 0xff;
 217   1      
 218   1          PWM1_ENO = 0x00;
 219   1          PWM1_ENO |= ENO4N; //使能输出
 220   1      
 221   1          PWM1_PS = 0x00;  //高级 PWM 通道输出脚选择位
 222   1          PWM1_PS |= PWM4_1; //选择 PWM4_2 通道
 223   1      
 224   1          PWM1_BKR = 0x80; //使能主输出
 225   1          PWM1_CR1 |= 0x01; //开始计时
 226   1      
 227   1          delay_ms(250);
 228   1          delay_ms(250);
 229   1          PWM1_ENO = 0x00;
 230   1          
 231   1          P_SW2 &= 0x7f;
 232   1          EA = 1;     //打开总中断
 233   1      
 234   1          while (1)
 235   1          {
 236   2              if(B_1ms)   //1ms到
 237   2              {
 238   3                  B_1ms = 0;
 239   3                  if(++cnt50ms >= 50)     //50ms扫描一次行列键盘
 240   3                  {
 241   4                      cnt50ms = 0;
C51 COMPILER V9.59.0.0   BUZZER                                                            08/11/2020 14:09:03 PAGE 5   

 242   4                      IO_KeyScan();
 243   4                  }
 244   3                  
 245   3                  if(KeyCode > 0)     //有键按下
 246   3                  {
 247   4                      P_SW2 |= 0x80;
 248   4                      PWM1_ENO |= ENO4N; //使能输出
 249   4                      delay_ms(250);
 250   4                      PWM1_ENO = 0x00;
 251   4                      P_SW2 &= 0x7f;
 252   4                      KeyCode = 0;
 253   4                  }
 254   3              }
 255   2          }
 256   1      }
 257          
 258          //========================================================================
 259          // 函数: void  delay_ms(u8 ms)
 260          // 描述: 延时函数。
 261          // 参数: ms,要延时的ms数, 这里只支持1~255ms. 自动适应主时钟.
 262          // 返回: none.
 263          // 版本: VER1.0
 264          // 日期: 2013-4-1
 265          // 备注: 
 266          //========================================================================
 267          void  delay_ms(u8 ms)
 268          {
 269   1           u16 i;
 270   1           do{
 271   2                i = MAIN_Fosc / 13000;
 272   2                while(--i)    ;   //14T per loop
 273   2           }while(--ms);
 274   1      }
 275          
 276          
 277          /********************** Timer0 1ms中断函数 ************************/
 278          void timer0(void) interrupt 1
 279          {
 280   1          B_1ms = 1;      //1ms标志
 281   1      }
 282          
 283          
 284          /*****************************************************
 285              行列键扫描程序
 286              使用XY查找4x4键的方法，只能单键，速度快
 287          
 288             Y     P04      P05      P06      P07
 289                    |        |        |        |
 290          X         |        |        |        |
 291          P00 ---- K00 ---- K01 ---- K02 ---- K03 ----
 292                    |        |        |        |
 293          P01 ---- K04 ---- K05 ---- K06 ---- K07 ----
 294                    |        |        |        |
 295          P02 ---- K08 ---- K09 ---- K10 ---- K11 ----
 296                    |        |        |        |
 297          P03 ---- K12 ---- K13 ---- K14 ---- K15 ----
 298                    |        |        |        |
 299          ******************************************************/
 300          
 301          
 302          u8 code T_KeyTable[16] = {0,1,2,0,3,0,0,0,4,0,0,0,0,0,0,0};
 303          
C51 COMPILER V9.59.0.0   BUZZER                                                            08/11/2020 14:09:03 PAGE 6   

 304          void IO_KeyDelay(void)
 305          {
 306   1          u8 i;
 307   1          i = 60;
 308   1          while(--i)  ;
 309   1      }
 310          
 311          void IO_KeyScan(void)    //50ms call
 312          {
 313   1          u8  j;
 314   1      
 315   1          j = IO_KeyState1;   //保存上一次状态
 316   1      
 317   1          P0 = 0xf0;  //X低，读Y
 318   1          IO_KeyDelay();
 319   1          IO_KeyState1 = P0 & 0xf0;
 320   1      
 321   1          P0 = 0x0f;  //Y低，读X
 322   1          IO_KeyDelay();
 323   1          IO_KeyState1 |= (P0 & 0x0f);
 324   1          IO_KeyState1 ^= 0xff;   //取反
 325   1          
 326   1          if(j == IO_KeyState1)   //连续两次读相等
 327   1          {
 328   2              j = IO_KeyState;
 329   2              IO_KeyState = IO_KeyState1;
 330   2              if(IO_KeyState != 0)    //有键按下
 331   2              {
 332   3                  F0 = 0;
 333   3                  if(j == 0)  F0 = 1; //第一次按下
 334   3                  else if(j == IO_KeyState)
 335   3                  {
 336   4                      if(++IO_KeyHoldCnt >= 20)   //1秒后重键
 337   4                      {
 338   5                          IO_KeyHoldCnt = 18;
 339   5                          F0 = 1;
 340   5                      }
 341   4                  }
 342   3                  if(F0)
 343   3                  {
 344   4                      j = T_KeyTable[IO_KeyState >> 4];
 345   4                      if((j != 0) && (T_KeyTable[IO_KeyState& 0x0f] != 0)) 
 346   4                          KeyCode = (j - 1) * 4 + T_KeyTable[IO_KeyState & 0x0f] + 16;    //计算键码，17~32
 347   4                  }
 348   3              }
 349   2              else    IO_KeyHoldCnt = 0;
 350   2          }
 351   1          P0 = 0xff;
 352   1      }
 353          


MODULE INFORMATION:   STATIC OVERLAYABLE
   CODE SIZE        =    328    ----
   CONSTANT SIZE    =     16    ----
   XDATA SIZE       =   ----    ----
   PDATA SIZE       =   ----    ----
   DATA SIZE        =      5    ----
   IDATA SIZE       =   ----    ----
   BIT SIZE         =      1    ----
END OF MODULE INFORMATION.


C51 COMPILATION COMPLETE.  0 WARNING(S),  0 ERROR(S)
