C51 COMPILER V9.59.0.0   UART4                                                             06/17/2020 13:31:01 PAGE 1   


C51 COMPILER V9.59.0.0, COMPILATION OF MODULE UART4
OBJECT MODULE PLACED IN UART4.OBJ
COMPILER INVOKED BY: C:\Keil_v5\C51\BIN\C51.EXE UART4.c OPTIMIZE(8,SPEED) BROWSE DEBUG OBJECTEXTEND TABS(2)

line level    source

   1          /*---------------------------------------------------------------------*/
   2          /* --- STC MCU Limited ------------------------------------------------*/
   3          /* --- STC 1T Series MCU Demo Programme -------------------------------*/
   4          /* --- Mobile: (86)13922805190 ----------------------------------------*/
   5          /* --- Fax: 86-0513-55012956,55012947,55012969 -----------------------*/
   6          /* --- Tel: 86-0513-55012928,55012929,55012966 ------------------------*/
   7          /* --- Web: www.STCMCU.com --------------------------------------------*/
   8          /* --- Web: www.STCMCUDATA.com  ---------------------------------------*/
   9          /* --- QQ:  800003751 -------------------------------------------------*/
  10          /* 如果要在程序中使用此代码,请在程序中注明使用了STC的资料及程序        */
  11          /*---------------------------------------------------------------------*/
  12          
  13          
  14          /*************  功能说明    **************
  15          
  16          串口4全双工中断方式收发通讯程序。
  17          
  18          通过PC向MCU发送数据, MCU收到后通过串口4把收到的数据原样返回.
  19          
  20          下载时, 选择时钟 22.1184MHz (用户可自行修改频率).
  21          
  22          ******************************************/
  23          
  24          #include    "reg51.h"
  25          
  26          #define MAIN_Fosc       22118400L   //定义主时钟（精确计算115200波特率）
  27          
  28          typedef     unsigned char   u8;
  29          typedef     unsigned int    u16;
  30          typedef     unsigned long   u32;
  31          
  32          sfr T2H  = 0xD6;
  33          sfr T2L  = 0xD7;
  34          sfr T4H  = 0xD2;
  35          sfr T4L  = 0xD3;
  36          sfr T4T3M = 0xD1;
  37          sfr IE2   = 0xAF;
  38          sfr INT_CLKO = 0x8F;
  39          sfr AUXR = 0x8E;
  40          sfr AUXR1 = 0xA2;
  41          sfr P_SW1 = 0xA2;
  42          sfr P_SW2 = 0xBA;
  43          sfr S4CON = 0x84;
  44          sfr S4BUF = 0x85;
  45          
  46          sfr P4   = 0xC0;
  47          sfr P5   = 0xC8;
  48          sfr P6   = 0xE8;
  49          sfr P7   = 0xF8;
  50          sfr P1M1 = 0x91;    //PxM1.n,PxM0.n     =00--->Standard,    01--->push-pull
  51          sfr P1M0 = 0x92;    //                  =10--->pure input,  11--->open drain
  52          sfr P0M1 = 0x93;
  53          sfr P0M0 = 0x94;
  54          sfr P2M1 = 0x95;
  55          sfr P2M0 = 0x96;
C51 COMPILER V9.59.0.0   UART4                                                             06/17/2020 13:31:01 PAGE 2   

  56          sfr P3M1 = 0xB1;
  57          sfr P3M0 = 0xB2;
  58          sfr P4M1 = 0xB3;
  59          sfr P4M0 = 0xB4;
  60          sfr P5M1 = 0xC9;
  61          sfr P5M0 = 0xCA;
  62          sfr P6M1 = 0xCB;
  63          sfr P6M0 = 0xCC;
  64          sfr P7M1 = 0xE1;
  65          sfr P7M0 = 0xE2;
  66          
  67          sbit P00 = P0^0;
  68          sbit P01 = P0^1;
  69          sbit P02 = P0^2;
  70          sbit P03 = P0^3;
  71          sbit P04 = P0^4;
  72          sbit P05 = P0^5;
  73          sbit P06 = P0^6;
  74          sbit P07 = P0^7;
  75          sbit P10 = P1^0;
  76          sbit P11 = P1^1;
  77          sbit P12 = P1^2;
  78          sbit P13 = P1^3;
  79          sbit P14 = P1^4;
  80          sbit P15 = P1^5;
  81          sbit P16 = P1^6;
  82          sbit P17 = P1^7;
  83          sbit P20 = P2^0;
  84          sbit P21 = P2^1;
  85          sbit P22 = P2^2;
  86          sbit P23 = P2^3;
  87          sbit P24 = P2^4;
  88          sbit P25 = P2^5;
  89          sbit P26 = P2^6;
  90          sbit P27 = P2^7;
  91          sbit P30 = P3^0;
  92          sbit P31 = P3^1;
  93          sbit P32 = P3^2;
  94          sbit P33 = P3^3;
  95          sbit P34 = P3^4;
  96          sbit P35 = P3^5;
  97          sbit P36 = P3^6;
  98          sbit P37 = P3^7;
  99          sbit P40 = P4^0;
 100          sbit P41 = P4^1;
 101          sbit P42 = P4^2;
 102          sbit P43 = P4^3;
 103          sbit P44 = P4^4;
 104          sbit P45 = P4^5;
 105          sbit P46 = P4^6;
 106          sbit P47 = P4^7;
 107          sbit P50 = P5^0;
 108          sbit P51 = P5^1;
 109          sbit P52 = P5^2;
 110          sbit P53 = P5^3;
 111          sbit P54 = P5^4;
 112          sbit P55 = P5^5;
 113          sbit P56 = P5^6;
 114          sbit P57 = P5^7;
 115          
 116          
 117          #define Baudrate4   115200L
C51 COMPILER V9.59.0.0   UART4                                                             06/17/2020 13:31:01 PAGE 3   

 118          #define UART4_BUF_LENGTH    64
 119          
 120          
 121          u8  TX4_Cnt;    //发送计数
 122          u8  RX4_Cnt;    //接收计数
 123          bit B_TX4_Busy; //发送忙标志
 124          
 125          u8  idata RX4_Buffer[UART4_BUF_LENGTH]; //接收缓冲
 126          
 127          
 128          void    UART4_config(u8 brt);   // 选择波特率, 2: 使用Timer2做波特率, 其它值: 使用Timer4做波特率.
 129          void    PrintString4(u8 *puts);
 130          
 131          
 132          //========================================================================
 133          // 函数: void main(void)
 134          // 描述: 主函数。
 135          // 参数: none.
 136          // 返回: none.
 137          // 版本: VER1.0
 138          // 日期: 2014-11-28
 139          // 备注: 
 140          //========================================================================
 141          void main(void)
 142          {
 143   1          P0M1 = 0;   P0M0 = 0;   //设置为准双向口
 144   1          P1M1 = 0;   P1M0 = 0;   //设置为准双向口
 145   1          P2M1 = 0;   P2M0 = 0;   //设置为准双向口
 146   1          P3M1 = 0;   P3M0 = 0;   //设置为准双向口
 147   1          P4M1 = 0;   P4M0 = 0;   //设置为准双向口
 148   1          P5M1 = 0;   P5M0 = 0;   //设置为准双向口
 149   1          P6M1 = 0;   P6M0 = 0;   //设置为准双向口
 150   1          P7M1 = 0;   P7M0 = 0;   //设置为准双向口
 151   1      
 152   1          UART4_config(0);    // 选择波特率, 2: 使用Timer2做波特率, 其它值: 使用Timer4做波特率.
 153   1          EA = 1; //允许全局中断
 154   1          
 155   1          PrintString4("STC8H8K64U UART4 Test Programme!\r\n");  //UART4发送一个字符串
 156   1      
 157   1          while (1)
 158   1          {
 159   2              if((TX4_Cnt != RX4_Cnt) && (!B_TX4_Busy))   //收到数据, 发送空闲
 160   2              {
 161   3                  S4BUF = RX4_Buffer[TX4_Cnt];
 162   3                  B_TX4_Busy = 1;
 163   3                  if(++TX4_Cnt >= UART4_BUF_LENGTH)   TX4_Cnt = 0;
 164   3              }
 165   2          }
 166   1      }
 167          
 168          
 169          //========================================================================
 170          // 函数: void PrintString4(u8 *puts)
 171          // 描述: 串口4发送字符串函数。
 172          // 参数: puts:  字符串指针.
 173          // 返回: none.
 174          // 版本: VER1.0
 175          // 日期: 2014-11-28
 176          // 备注: 
 177          //========================================================================
 178          void PrintString4(u8 *puts)
 179          {
C51 COMPILER V9.59.0.0   UART4                                                             06/17/2020 13:31:01 PAGE 4   

 180   1          for (; *puts != 0;  puts++)     //遇到停止符0结束
 181   1          {
 182   2              S4BUF = *puts;
 183   2              B_TX4_Busy = 1;
 184   2              while(B_TX4_Busy);
 185   2          }
 186   1      }
 187          
 188          //========================================================================
 189          // 函数: SetTimer2Baudraye(u16 dat)
 190          // 描述: 设置Timer2做波特率发生器。
 191          // 参数: dat: Timer2的重装值.
 192          // 返回: none.
 193          // 版本: VER1.0
 194          // 日期: 2014-11-28
 195          // 备注: 
 196          //========================================================================
 197          void SetTimer2Baudraye(u16 dat)  // 使用Timer2做波特率.
 198          {
 199   1          AUXR &= ~(1<<4);    //Timer stop
 200   1          AUXR &= ~(1<<3);    //Timer2 set As Timer
 201   1          AUXR |=  (1<<2);    //Timer2 set as 1T mode
 202   1          T2H = dat / 256;
 203   1          T2L = dat % 256;
 204   1          IE2  &= ~(1<<2);    //禁止T2中断
 205   1          AUXR |=  (1<<4);    //Timer run enable
 206   1      }
 207          
 208          //========================================================================
 209          // 函数: void UART4_config(u8 brt)
 210          // 描述: UART4初始化函数。
 211          // 参数: brt: 选择波特率, 2: 使用Timer2做波特率, 其它值: 使用Timer4做波特率.
 212          // 返回: none.
 213          // 版本: VER1.0
 214          // 日期: 2014-11-28
 215          // 备注: 
 216          //========================================================================
 217          void UART4_config(u8 brt)    // 选择波特率, 2: 使用Timer2做波特率, 其它值: 使用Timer4做波特率.
 218          {
 219   1          if(brt == 2)
 220   1          {
 221   2              SetTimer2Baudraye(65536UL - (MAIN_Fosc / 4) / Baudrate4);
 222   2              S4CON = 0x10;       //8位数据, 使用Timer2做波特率发生器, 允许接收
 223   2          }
 224   1          else
 225   1          {
 226   2              S4CON = 0x50;       //8位数据, 使用Timer4做波特率发生器, 允许接收
 227   2              T4H = (65536UL - (MAIN_Fosc / 4) / Baudrate4) / 256;
 228   2              T4L = (65536UL - (MAIN_Fosc / 4) / Baudrate4) % 256;
 229   2              T4T3M = 0xa0;
 230   2          }
 231   1          IE2 |= 0x10;          //允许UART4中断
 232   1          P_SW2 &= ~0x04; 
 233   1          //P_SW2 |= 0x04;      //UART4 switch bit2 to: 0: P0.2 P0.3,  1: P5.2 P5.3
 234   1      
 235   1          B_TX4_Busy = 0;
 236   1          TX4_Cnt = 0;
 237   1          RX4_Cnt = 0;
 238   1      }
 239          
 240          
 241          //========================================================================
C51 COMPILER V9.59.0.0   UART4                                                             06/17/2020 13:31:01 PAGE 5   

 242          // 函数: void UART4_int (void) interrupt UART4_VECTOR
 243          // 描述: UART4中断函数。
 244          // 参数: nine.
 245          // 返回: none.
 246          // 版本: VER1.0
 247          // 日期: 2014-11-28
 248          // 备注: 
 249          //========================================================================
 250          void UART4_int (void) interrupt 18
 251          {
 252   1          if((S4CON & 0x01) != 0)
 253   1          {
 254   2              S4CON &= ~0x01;    //Clear Rx flag
 255   2              RX4_Buffer[RX4_Cnt] = S4BUF;
 256   2              if(++RX4_Cnt >= UART4_BUF_LENGTH)   RX4_Cnt = 0;
 257   2          }
 258   1      
 259   1          if((S4CON & 0x02) != 0)
 260   1          {
 261   2              S4CON &= ~0x02;    //Clear Tx flag
 262   2              B_TX4_Busy = 0;
 263   2          }
 264   1      }
 265          


MODULE INFORMATION:   STATIC OVERLAYABLE
   CODE SIZE        =    235    ----
   CONSTANT SIZE    =     35    ----
   XDATA SIZE       =   ----    ----
   PDATA SIZE       =   ----    ----
   DATA SIZE        =      2    ----
   IDATA SIZE       =     64    ----
   BIT SIZE         =      1    ----
END OF MODULE INFORMATION.


C51 COMPILATION COMPLETE.  0 WARNING(S),  0 ERROR(S)
