C51 COMPILER V9.00   MAIN                                                                  05/26/2020 21:56:19 PAGE 1   


C51 COMPILER V9.00, COMPILATION OF MODULE MAIN
OBJECT MODULE PLACED IN .\list\main.obj
COMPILER INVOKED BY: G:\2.develop\Keil\C51\BIN\C51.EXE main.c BROWSE DEBUG OBJECTEXTEND PRINT(.\list\main.lst) OBJECT(.\
                    -list\main.obj)

line level    source

   1          /******************************************
   2                  作者：神秘藏宝室
   3                  店铺：ILoveMCU.taobao.com
   4          ******************************************/
   5          #include        "config.h"
   6          #include        "delay.h"
   7          
   8          /*************  功能说明        **************
   9          
  10          本程序演示LED闪烁  
  11          
  12          
  13          ******************************************/
  14          
  15          /*************  本地常量声明    **************/
  16          
  17          
  18          /*************  本地变量声明    **************/
  19          
  20          
  21          /*************  本地函数声明    **************/
  22          
  23          
  24          
  25          /*************  外部函数和变量声明 *****************/
  26          
  27          
  28          
  29          /******************** IO配置函数 **************************/
  30          void    GPIO_config(void)
  31          {
  32   1              P1M0 = 0x00;            //设置双向输入,P1.0和P1.1为输入高阻
  33   1              P1M1 = 0x03;
  34   1      
  35   1              P3M0 = 0x00;
  36   1              P3M1 = 0x00;
  37   1      
  38   1      
  39   1      
  40   1      
  41   1      }
  42          
  43          /******************** 主函数 **************************/
  44          void main(void)
  45          {
  46   1              GPIO_config();
  47   1              
  48   1              while(1)
  49   1              {
  50   2      //              RELAY1 = 0;
  51   2      //              RELAY2 = 1;
  52   2      //              delay_ms(250);
  53   2      //              delay_ms(250);
  54   2      //              delay_ms(250);
C51 COMPILER V9.00   MAIN                                                                  05/26/2020 21:56:19 PAGE 2   

  55   2      //              delay_ms(250);
  56   2      //              RELAY1 = 1;
  57   2      //              RELAY2 = 0;
  58   2      //              delay_ms(250);
  59   2      //              delay_ms(250);
  60   2      //              delay_ms(250);
  61   2      //              delay_ms(250);
  62   2      
  63   2                      if(SENSOR1 == 0)
  64   2                      {
  65   3                              RELAY1 = RELAY_OFF;
  66   3                      }
  67   2                      else
  68   2                      {
  69   3                              RELAY1 = RELAY_ON;
  70   3                      }
  71   2      
  72   2                      if(SENSOR2 == 0)
  73   2                      {
  74   3                              RELAY2 = RELAY_OFF;
  75   3                      }
  76   2                      else
  77   2                      {
  78   3                              RELAY2 = RELAY_ON;
  79   3                      }
  80   2              
  81   2              }
  82   1      }
  83          
  84          
  85          
  86          


MODULE INFORMATION:   STATIC OVERLAYABLE
   CODE SIZE        =     34    ----
   CONSTANT SIZE    =   ----    ----
   XDATA SIZE       =   ----    ----
   PDATA SIZE       =   ----    ----
   DATA SIZE        =   ----    ----
   IDATA SIZE       =   ----    ----
   BIT SIZE         =   ----    ----
END OF MODULE INFORMATION.


C51 COMPILATION COMPLETE.  0 WARNING(S),  0 ERROR(S)
