C51 COMPILER V9.59.0.0   LED                                                               06/12/2020 16:19:43 PAGE 1   


C51 COMPILER V9.59.0.0, COMPILATION OF MODULE LED
OBJECT MODULE PLACED IN LED.OBJ
COMPILER INVOKED BY: C:\Keil_v5\C51\BIN\C51.EXE LED.c OPTIMIZE(8,SPEED) BROWSE DEBUG OBJECTEXTEND TABS(2)

line level    source

   1          /*---------------------------------------------------------------------*/
   2          /* --- STC MCU Limited ------------------------------------------------*/
   3          /* --- STC 1T Series MCU Demo Programme -------------------------------*/
   4          /* --- Mobile: (86)13922805190 ----------------------------------------*/
   5          /* --- Fax: 86-0513-55012956,55012947,55012969 -----------------------*/
   6          /* --- Tel: 86-0513-55012928,55012929,55012966 ------------------------*/
   7          /* --- Web: www.STCMCU.com --------------------------------------------*/
   8          /* --- Web: www.STCMCUDATA.com  ---------------------------------------*/
   9          /* --- QQ:  800003751 -------------------------------------------------*/
  10          /* 如果要在程序中使用此代码,请在程序中注明使用了STC的资料及程序        */
  11          /*---------------------------------------------------------------------*/
  12          
  13          #include    "reg51.h"
  14          
  15          #define     MAIN_Fosc       24000000L   //定义主时钟
  16          
  17          typedef     unsigned char   u8;
  18          typedef     unsigned int    u16;
  19          typedef     unsigned long   u32;
  20          
  21          sfr P4   = 0xC0;
  22          sfr P5   = 0xC8;
  23          sfr P6   = 0xE8;
  24          sfr P7   = 0xF8;
  25          sfr P1M1 = 0x91;    //PxM1.n,PxM0.n     =00--->Standard,    01--->push-pull
  26          sfr P1M0 = 0x92;    //                  =10--->pure input,  11--->open drain
  27          sfr P0M1 = 0x93;
  28          sfr P0M0 = 0x94;
  29          sfr P2M1 = 0x95;
  30          sfr P2M0 = 0x96;
  31          sfr P3M1 = 0xB1;
  32          sfr P3M0 = 0xB2;
  33          sfr P4M1 = 0xB3;
  34          sfr P4M0 = 0xB4;
  35          sfr P5M1 = 0xC9;
  36          sfr P5M0 = 0xCA;
  37          sfr P6M1 = 0xCB;
  38          sfr P6M0 = 0xCC;
  39          sfr P7M1 = 0xE1;
  40          sfr P7M0 = 0xE2;
  41          
  42          sbit P00 = P0^0;
  43          sbit P01 = P0^1;
  44          sbit P02 = P0^2;
  45          sbit P03 = P0^3;
  46          sbit P04 = P0^4;
  47          sbit P05 = P0^5;
  48          sbit P06 = P0^6;
  49          sbit P07 = P0^7;
  50          sbit P10 = P1^0;
  51          sbit P11 = P1^1;
  52          sbit P12 = P1^2;
  53          sbit P13 = P1^3;
  54          sbit P14 = P1^4;
  55          sbit P15 = P1^5;
C51 COMPILER V9.59.0.0   LED                                                               06/12/2020 16:19:43 PAGE 2   

  56          sbit P16 = P1^6;
  57          sbit P17 = P1^7;
  58          sbit P20 = P2^0;
  59          sbit P21 = P2^1;
  60          sbit P22 = P2^2;
  61          sbit P23 = P2^3;
  62          sbit P24 = P2^4;
  63          sbit P25 = P2^5;
  64          sbit P26 = P2^6;
  65          sbit P27 = P2^7;
  66          sbit P30 = P3^0;
  67          sbit P31 = P3^1;
  68          sbit P32 = P3^2;
  69          sbit P33 = P3^3;
  70          sbit P34 = P3^4;
  71          sbit P35 = P3^5;
  72          sbit P36 = P3^6;
  73          sbit P37 = P3^7;
  74          sbit P40 = P4^0;
  75          sbit P41 = P4^1;
  76          sbit P42 = P4^2;
  77          sbit P43 = P4^3;
  78          sbit P44 = P4^4;
  79          sbit P45 = P4^5;
  80          sbit P46 = P4^6;
  81          sbit P47 = P4^7;
  82          sbit P50 = P5^0;
  83          sbit P51 = P5^1;
  84          sbit P52 = P5^2;
  85          sbit P53 = P5^3;
  86          sbit P54 = P5^4;
  87          sbit P55 = P5^5;
  88          sbit P56 = P5^6;
  89          sbit P57 = P5^7;
  90          
  91          u8 ledIndex;
  92          u8 code ledNum[]={0x01,0x02,0x04,0x08,0x10,0x20,0x40,0x80};
  93          /*************  功能说明    **************
  94          
  95          程序使用P6口来演示跑马灯，输出低驱动。
  96          
  97          ******************************************/
  98          
  99          void  delay_ms(u8 ms);
 100          
 101          
 102          /******************** 主函数 **************************/
 103          void main(void)
 104          {
 105   1          P0M1 = 0;   P0M0 = 0;   //设置为准双向口
 106   1          P1M1 = 0;   P1M0 = 0;   //设置为准双向口
 107   1          P2M1 = 0;   P2M0 = 0;   //设置为准双向口
 108   1          P3M1 = 0;   P3M0 = 0;   //设置为准双向口
 109   1          P4M1 = 0;   P4M0 = 0;   //设置为准双向口
 110   1          P5M1 = 0;   P5M0 = 0;   //设置为准双向口
 111   1          P6M1 = 0;   P6M0 = 0;   //设置为准双向口
 112   1          P7M1 = 0;   P7M0 = 0;   //设置为准双向口
 113   1      
 114   1          P40 = 0;    //LED Power On
 115   1          ledIndex = 0;
 116   1          while(1)
 117   1          {
C51 COMPILER V9.59.0.0   LED                                                               06/12/2020 16:19:43 PAGE 3   

 118   2              P6 = ~ledNum[ledIndex]; //输出低驱动
 119   2              ledIndex++;
 120   2              if(ledIndex > 7)
 121   2              {
 122   3                  ledIndex = 0;
 123   3              }
 124   2              delay_ms(250);
 125   2              delay_ms(250);
 126   2          }
 127   1      }
 128          
 129          //========================================================================
 130          // 函数: void  delay_ms(u8 ms)
 131          // 描述: 延时函数。
 132          // 参数: ms,要延时的ms数, 这里只支持1~255ms. 自动适应主时钟.
 133          // 返回: none.
 134          // 版本: VER1.0
 135          // 日期: 2013-4-1
 136          // 备注: 
 137          //========================================================================
 138          void  delay_ms(u8 ms)
 139          {
 140   1           u16 i;
 141   1           do{
 142   2                i = MAIN_Fosc / 13000;
 143   2                while(--i)    ;   //14T per loop
 144   2           }while(--ms);
 145   1      }
 146          


MODULE INFORMATION:   STATIC OVERLAYABLE
   CODE SIZE        =     90    ----
   CONSTANT SIZE    =      8    ----
   XDATA SIZE       =   ----    ----
   PDATA SIZE       =   ----    ----
   DATA SIZE        =      1    ----
   IDATA SIZE       =   ----    ----
   BIT SIZE         =   ----    ----
END OF MODULE INFORMATION.


C51 COMPILATION COMPLETE.  0 WARNING(S),  0 ERROR(S)
