C51 COMPILER V9.00   MAIN                                                                  05/26/2020 22:43:09 PAGE 1   


C51 COMPILER V9.00, COMPILATION OF MODULE MAIN
OBJECT MODULE PLACED IN .\list\main.obj
COMPILER INVOKED BY: G:\2.develop\Keil\C51\BIN\C51.EXE main.c BROWSE DEBUG OBJECTEXTEND PRINT(.\list\main.lst) OBJECT(.\
                    -list\main.obj)

line level    source

   1          /******************************************
   2                  作者：神秘藏宝室
   3                  店铺：ILoveMCU.taobao.com
   4          ******************************************/
   5          #include        "config.h"
   6          #include        "delay.h"
   7          #include  "intrins.h"
   8          
   9          /*************  功能说明        **************
  10          
  11          
  12          
  13          
  14          ******************************************/
  15          
  16          /*************  本地常量声明    **************/
  17          
  18          
  19          
  20          /*************  本地变量声明    **************/
  21          int advalue = 0;
  22          
  23          /*************  本地函数声明    **************/
  24          
  25          
  26          
  27          /*************  外部函数和变量声明 *****************/
  28          
  29          
  30          
  31          /******************** IO配置函数 **************************/
  32          void    GPIO_config(void)
  33          {
  34   1              P1M0 = 0x00;            //设置双向输入,P1.0和P1.1为输入高阻用于AD
  35   1              P1M1 = 0x03;
  36   1      
  37   1              P3M0 = 0x00;
  38   1              P3M1 = 0x00;
  39   1      }
  40          
  41          void AD_INIT(void)
  42          {
  43   1              P_SW2 |= 0x80;
  44   1              ADCTIM = 0x3f; //设置 ADC 内部时序
  45   1              P_SW2 &= 0x7f;
  46   1              ADCCFG = 0x0f; //设置 ADC 时钟为系统时钟/2/16/16
  47   1              ADC_CONTR = 0x80; //使能 ADC 模块
  48   1      }
  49          
  50          int analogRead(int channel)
  51          {
  52   1              int res = 0;
  53   1              ADC_CONTR &= 0xf0;      //底四位清零
  54   1              ADC_CONTR |= channel;   //置位通道
C51 COMPILER V9.00   MAIN                                                                  05/26/2020 22:43:09 PAGE 2   

  55   1              ADC_CONTR |= 0x40; //启动 AD 转换
  56   1              _nop_();
  57   1              _nop_();
  58   1              while (!(ADC_CONTR & 0x20)); //查询 ADC 完成标志
  59   1              ADC_CONTR &= ~0x20; //清完成标志
  60   1              res = (int)(ADC_RES*4);
  61   1              res += ADC_RESL;
  62   1              return res; //读取 ADC 结果     
  63   1      }
  64          
  65          /******************** 主函数 **************************/
  66          void main(void)
  67          {
  68   1              GPIO_config();
  69   1              AD_INIT();
  70   1              
  71   1              while(1)
  72   1              {
  73   2                      advalue = analogRead(0);
  74   2      
  75   2                      if(advalue > 1000)
  76   2                      {
  77   3                              RELAY1 = RELAY_ON;
  78   3                      }
  79   2                      else
  80   2                      {
  81   3                              RELAY1 = RELAY_OFF;
  82   3                      }
  83   2      
  84   2                      advalue = analogRead(1);
  85   2      
  86   2                      if(advalue > 1000)
  87   2                      {
  88   3                              RELAY2 = RELAY_ON;
  89   3                      }
  90   2                      else
  91   2                      {
  92   3                              RELAY2 = RELAY_OFF;
  93   3                      }
  94   2      
  95   2                      delay_ms(100);
  96   2              
  97   2              }
  98   1      }
  99          
 100          
 101          
 102          


MODULE INFORMATION:   STATIC OVERLAYABLE
   CODE SIZE        =    143    ----
   CONSTANT SIZE    =   ----    ----
   XDATA SIZE       =   ----    ----
   PDATA SIZE       =   ----    ----
   DATA SIZE        =      2    ----
   IDATA SIZE       =   ----    ----
   BIT SIZE         =   ----    ----
END OF MODULE INFORMATION.


C51 COMPILATION COMPLETE.  0 WARNING(S),  0 ERROR(S)
