C51 COMPILER V9.53.0.0   DELAY                                                             08/20/2016 19:57:24 PAGE 1   


C51 COMPILER V9.53.0.0, COMPILATION OF MODULE DELAY
OBJECT MODULE PLACED IN .\Objects\delay.obj
COMPILER INVOKED BY: C:\Keil_v5\C51\BIN\C51.EXE delay.c OPTIMIZE(8,SPEED) BROWSE DEBUG OBJECTEXTEND PRINT(.\Listings\del
                    -ay.lst) OBJECT(.\Objects\delay.obj)

line level    source

   1          #include "delay.h"
   2          #include "core.h"
   3          #include "task_switch.h"
   4          #include <stc12c5a60s2.h>
   5          
   6          #define NUS(n) (65536 - 0.9216*n)       //因为要进行除法运算,整个系统的速度会变为原来的一半
   7          
   8          
   9          void delay_us(unsigned int nus)
  10          {
  11   1              unsigned char th,tl;
  12   1              unsigned int us;
  13   1              
  14   1              os_enter_critical();
  15   1              TF0 = 0;                //清除中断标志位
  16   1              th = TH0;
  17   1              tl = TL0;
  18   1              
  19   1              us = NUS(nus);
  20   1              TH0 = us >> 8;
  21   1              TL0 = us;
  22   1              do
  23   1              {
  24   2                                              //TF0定时器溢出标志
  25   2              }while(!TF0);
  26   1              TF0 = 0;
  27   1              
  28   1              TH0 = th;
  29   1              TL0 = tl;
  30   1              
  31   1              os_exit_critical();
  32   1      }
  33          
  34          
  35          void delay_ms(unsigned int nms)
  36          {
  37   1              unsigned char ms = nms%5;
  38   1              
  39   1              
  40   1              if(nms >= 5)
  41   1              {
  42   2                      os_delay(nms/5);
  43   2              }
  44   1              delay_us(ms * 1000);
  45   1      }
  46          
  47          
  48          
  49          
  50          
  51          
  52          
  53          
  54          
C51 COMPILER V9.53.0.0   DELAY                                                             08/20/2016 19:57:24 PAGE 2   



MODULE INFORMATION:   STATIC OVERLAYABLE
   CODE SIZE        =    134    ----
   CONSTANT SIZE    =   ----    ----
   XDATA SIZE       =   ----    ----
   PDATA SIZE       =   ----    ----
   DATA SIZE        =   ----       3
   IDATA SIZE       =   ----    ----
   BIT SIZE         =   ----    ----
END OF MODULE INFORMATION.


C51 COMPILATION COMPLETE.  0 WARNING(S),  0 ERROR(S)
