C51 COMPILER V9.00   MAIN                                                                  10/12/2020 21:22:03 PAGE 1   


C51 COMPILER V9.00, COMPILATION OF MODULE MAIN
OBJECT MODULE PLACED IN .\Objects\main.obj
COMPILER INVOKED BY: C:\Keil\C51\BIN\C51.EXE main.c BROWSE DEBUG OBJECTEXTEND PRINT(.\Listings\main.lst) OBJECT(.\Object
                    -s\main.obj)

line level    source

   1          #include "core.h"
   2          #include "task_switch.h"
   3          #include "reg51.h"
   4          
   5          sbit led2 = P1^4;
   6          sbit led3 = P1^5;
   7          
   8          
   9          /* 系统初始化 */
  10          void system_init(void)
  11          {
  12   1          P1M1 = 0;   P1M0 = 0;   //设置为准双向口
  13   1      }
  14          
  15          void test(void)
  16          {
  17   1              char i = 0;
  18   1              
  19   1              os_delay(10);   
  20   1              i++;
  21   1              i++;
  22   1      }
  23          
  24          void task_0(void)
  25          {
  26   1              while(1)
  27   1              {
  28   2                      led2 = 0;
  29   2                      test();
  30   2                      led2 = 1;
  31   2                      os_delay(10);
  32   2              }
  33   1      }
  34          
  35          void task_1(void)
  36          {
  37   1              while(1)
  38   1              {
  39   2                      led3 = 0;
  40   2                      os_delay(100);
  41   2                      led3 = 1;
  42   2                      os_delay(100);
  43   2              }
  44   1      }
  45          
  46          char *p = "hello";
  47          
  48          int main(void)
  49          {
  50   1      
  51   1      
  52   1              system_init();
  53   1              os_init();
  54   1              os_task_create(1,task_1,(unsigned char)os_tsak_stack[1]);
C51 COMPILER V9.00   MAIN                                                                  10/12/2020 21:22:03 PAGE 2   

  55   1              os_task_create(0,task_0,(unsigned char)os_tsak_stack[0]);
  56   1              os_start();
  57   1              
  58   1              return 0;
  59   1      }
  60          
  61          


MODULE INFORMATION:   STATIC OVERLAYABLE
   CODE SIZE        =     90    ----
   CONSTANT SIZE    =      6    ----
   XDATA SIZE       =   ----    ----
   PDATA SIZE       =   ----    ----
   DATA SIZE        =      3       1
   IDATA SIZE       =   ----    ----
   BIT SIZE         =   ----    ----
END OF MODULE INFORMATION.


C51 COMPILATION COMPLETE.  0 WARNING(S),  0 ERROR(S)
