C51 COMPILER V9.00   UART                                                                  05/27/2020 10:09:55 PAGE 1   


C51 COMPILER V9.00, COMPILATION OF MODULE UART
OBJECT MODULE PLACED IN .\list\uart.obj
COMPILER INVOKED BY: E:\keil\C51\BIN\C51.EXE uart.c BROWSE DEBUG OBJECTEXTEND PRINT(.\list\uart.lst) OBJECT(.\list\uart.
                    -obj)

line level    source

   1          /******************************************************************
   2                  作者：神秘藏宝室
   3                  店铺：ILoveMCU.taobao.com
   4                  最终解释权归原作者所有，鄙视其他店铺不劳而获的抄袭行为！
   5          ******************************************************************/
   6          #include "uart.h"
   7          
   8          unsigned char RX_Count = 0;
   9          
  10          
  11          bit busy;
  12          char wptr;
  13          char rptr;
  14          char buffer[16];
  15          
  16          void Uart_Init()                                                                   
  17          {
  18   1      //      SCON = 0X50;  //UART方式1；8位UART
  19   1      //      REN  = 1;     //允许串行口接收数据
  20   1      //      PCON = 0x00;  //SMOD=0;波特率不加倍
  21   1      //      TMOD = 0x20;  //T1方式2，用于产生波特率
  22   1      //      TH1  = 0xFD;  //装初值
  23   1      //      TL1  = 0xFD;
  24   1      //      TR1  = 1;     //启动定时器1
  25   1      //      EA   = 1;     //打开全局中断控制
  26   1      //      ES   = 1;     //打开串行口中断
  27   1      
  28   1              SCON = 0x50;
  29   1              T2L = BRT;
  30   1              T2H = BRT >> 8;
  31   1              
  32   1              AUXR = 0x15;
  33   1              wptr = 0x00;
  34   1              rptr = 0x00;
  35   1              busy = 0;
  36   1              
  37   1              ES = 1;
  38   1              EA = 1;
  39   1              
  40   1      }
  41          
  42          void UartPrintf(unsigned char *p)                               //发送字符串
  43          {       
  44   1              while (*p)
  45   1              {
  46   2                      UartPrintASCII(*p++);
  47   2              }  
  48   1      }
  49          
  50          void UartPrintASCII(unsigned char dat)                          //发送一个字符
  51          { 
  52   1          while (busy);
  53   1              busy = 1;
  54   1              SBUF = dat;   
C51 COMPILER V9.00   UART                                                                  05/27/2020 10:09:55 PAGE 2   

  55   1      }
  56          
  57          
  58          //重写putchar函数
  59          char putchar(char c)
  60          {
  61   1          UartPrintASCII(c);
  62   1          return c;
  63   1      }
  64          
  65          
  66          //void RECEIVE_DATA(void) interrupt 4 using 3                   
  67          //{ 
  68          //      unsigned char temp = 0;
  69          //      char i = 0;
  70          //      ES=0;
  71          //      temp = SBUF;
  72          //      RI = 0;
  73          //      
  74          //      ES=1; 
  75          //}
  76          
  77          void UartIsr() interrupt 4
  78          {
  79   1              if (TI)
  80   1              {
  81   2                      TI = 0;
  82   2                      busy = 0;
  83   2              }
  84   1              if (RI)
  85   1              {
  86   2                      RI = 0;
  87   2                      buffer[wptr++] = SBUF;
  88   2                      wptr &= 0x0f;
  89   2              }
  90   1      }
  91          
  92          
  93          
  94          
  95          
  96          
  97          
  98          
  99          
 100          
 101          
 102          
 103          
 104          
 105          
 106          
 107          
 108          
 109          
 110          
 111          
 112          
 113          


MODULE INFORMATION:   STATIC OVERLAYABLE
C51 COMPILER V9.00   UART                                                                  05/27/2020 10:09:55 PAGE 3   

   CODE SIZE        =    120    ----
   CONSTANT SIZE    =   ----    ----
   XDATA SIZE       =   ----    ----
   PDATA SIZE       =   ----    ----
   DATA SIZE        =     19       3
   IDATA SIZE       =   ----    ----
   BIT SIZE         =      1    ----
END OF MODULE INFORMATION.


C51 COMPILATION COMPLETE.  0 WARNING(S),  0 ERROR(S)
